<html>
<body>
<pre>
<h1>µVision Build Log</h1>
<h2>Tool Versions:</h2>
IDE-Version: ¦ÌVision V5.22.0.0
Copyright (C) 2016 ARM Ltd and ARM Germany GmbH. All rights reserved.
License Information: weng Microsoft, Microsoft, LIC=GMZGK-Z08VI-624LB-2KRU8-2YWSM-1BV9L
 
Tool Versions:
Toolchain:       MDK-ARM Plus  Version: 5.22
Toolchain Path:  D:\Keil_v5_for_ARM\ARM\ARMCC\Bin
C Compiler:      Armcc.exe V5.06 update 4 (build 422)
Assembler:       Armasm.exe V5.06 update 4 (build 422)
Linker/Locator:  ArmLink.exe V5.06 update 4 (build 422)
Library Manager: ArmAr.exe V5.06 update 4 (build 422)
Hex Converter:   FromElf.exe V5.06 update 4 (build 422)
CPU DLL:         SARMCM3.DLL V5.22
Dialog DLL:      DCM.DLL V1.13.9.0
Target DLL:      STLink\ST-LINKIII-KEIL_SWO.dll V2.0.18.0
Dialog DLL:      TCM.DLL V1.21.0.0
 
<h2>Project:</h2>
E:\Synchronization\CodeProject\GitHub\Defond\Battery_Detection\Software\EmbedSoftware\STM32F429_NewProject_template\Project\RVMDK£¨uv5£©\New_Project_Template_F429.uvprojx
Project File Date:  12/12/2016

<h2>Output:</h2>
*** Using Compiler 'V5.06 update 4 (build 422)', folder: 'D:\Keil_v5_for_ARM\ARM\ARMCC\Bin'
Build target 'New_Project_Template'
linking...
Program Size: Code=2068 RO-data=460 RW-data=16 ZI-data=1024  
"..\..\Output\Template.axf" - 0 Error(s), 0 Warning(s).

<h2>Collection of Component include folders:</h2>
  E:\Synchronization\CodeProject\GitHub\Defond\Battery_Detection\Software\EmbedSoftware\STM32F429_NewProject_template\Project\RVMDK£¨uv5£©\RTE\_New_Project_Template
  D:\Keil_v5_for_ARM\ARM\PACK\Keil\STM32F4xx_DFP\2.10.0\Drivers\CMSIS\Device\ST\STM32F4xx\Include

<h2>Collection of Component Files used:</h2>
Build Time Elapsed:  00:00:01
</pre>
</body>
</html>
